{"event":"bootstrap_started","ts":"1770778623794"}
{"event":"bootstrap_completed","ts":"1770778623809"}
{"event":"session_count_reconciled","ts":"1770778623809","count":"0"}
{"ts":"1770778676187","event":"bootstrap_started"}
{"ts":"1770778676189","event":"bootstrap_completed"}
{"ts":"1770778676197","count":"0","event":"session_count_reconciled"}
{"ts":"1770778676208","event":"bootstrap_started"}
{"event":"bootstrap_completed","ts":"1770778676209"}
{"ts":"1770781183661","event":"bootstrap_started"}
{"event":"bootstrap_started","ts":"1770781205944"}
{"event":"bootstrap_completed","ts":"1770781205946"}
{"event":"vm_started","ts":"1770781205946"}
{"ts":"1770781205958","session":"FE93F6CB-E3E6-4638-A369-FFA9755A224E","event":"shell_attached"}
{"event":"shell_detached","ts":"1770781205960","session":"FE93F6CB-E3E6-4638-A369-FFA9755A224E","exit":"1"}
{"deadline":"1770781215960","ts":"1770781205960","event":"idle_timer_armed"}
{"deadline":"1770781215960","ts":"1770781205960","event":"idle_timer_dispatched"}
{"ts":"1770781210065","event":"bootstrap_started"}
{"event":"bootstrap_completed","ts":"1770781210066"}
{"ts":"1770781210075","event":"session_count_reconciled","count":"0"}
{"event":"bootstrap_started","ts":"1770781215963"}
{"event":"bootstrap_completed","ts":"1770781215971"}
{"event":"idle_timer_expired","deadline":"1770781215960","ts":"1770781215991"}
{"event":"vm_stopped","reason":"idle_timeout","ts":"1770781215991"}
{"ts":"1770781227023","event":"bootstrap_started"}
{"event":"bootstrap_completed","ts":"1770781227024"}
{"event":"session_count_reconciled","ts":"1770781227034","count":"0"}
{"event":"init_command_exec_started","argv0":"\/bin\/echo","op":"exec","ts":"1770888627770"}
